[run=2e8519f5-1c9e-4041-93af-1cca668090ee] normalize_success mco-mock-portal tracks=TRACK_A,TRACK_B url=mock://mco-portal-example
[run=17529091-62f8-41d1-bb6f-0b818daab79e] normalize_success mco-mock-portal tracks=TRACK_A,TRACK_B url=mock://mco-portal-example
[run=307a33e3-aa8d-4780-a855-ab947e449415] normalize_success mco-mock-portal tracks=TRACK_A,TRACK_B url=mock://mco-portal-example
[run=4e1a8226-69a5-4269-a41f-2ca46e7a8918] normalize_success mco-mock-portal tracks=TRACK_A,TRACK_B url=mock://mco-portal-example
[run=ca043b1e-28c6-49ea-8e1e-a4edf990716b] normalize_success mco-mock-portal tracks=TRACK_A,TRACK_B url=mock://mco-portal-example
[run=7ff4728e-3eba-4c32-a286-3b73e0778e35] normalize_success mco-mock-portal tracks=TRACK_A,TRACK_B url=mock://mco-portal-example
[run=3d046bc1-6874-40ab-b70a-1e1e04fd3c61] normalize_success mco-mock-portal tracks=TRACK_A,TRACK_B url=mock://mco-portal-example
[run=f53c2ac7-66dc-4277-b786-f18e0bff8b7c] normalize_success mco-mock-portal tracks=TRACK_A,TRACK_B url=mock://mco-portal-example
[run=947efee0-4f57-47ef-9341-23a5a8278e58] normalize_success mco-mock-portal tracks=TRACK_A,TRACK_B url=mock://mco-portal-example
[run=e0a40a56-ae1e-4c61-be44-7ec158533f71] normalize_success mco-mock-portal tracks=TRACK_A,TRACK_B url=mock://mco-portal-example
[run=c7aa14e9-271d-41cc-9f34-85b2450d7285] normalize_success mco-mock-portal tracks=TRACK_A,TRACK_B url=mock://mco-portal-example
[run=3b3af99f-e954-48fd-ab57-0585e32bf716] normalize_success fed-ssa-benefits tracks=TRACK_A url=file:///C:/Users/firer/GrantFlow/tests/crawler/fixtures/federal-ssa-benefits.html
[run=3b3af99f-e954-48fd-ab57-0585e32bf716] normalize_success state-tn-ecf-choices tracks=TRACK_A,TRACK_B url=file:///C:/Users/firer/GrantFlow/tests/crawler/fixtures/state-tn-ecf-choices.html
[run=3b3af99f-e954-48fd-ab57-0585e32bf716] normalize_success county-king-housing-assistance tracks=TRACK_A url=file:///C:/Users/firer/GrantFlow/tests/crawler/fixtures/county-king-housing-assistance.html
[run=3b3af99f-e954-48fd-ab57-0585e32bf716] normalize_success tribal-cherokee-health tracks=TRACK_A url=file:///C:/Users/firer/GrantFlow/tests/crawler/fixtures/tribal-cherokee-health.html
[run=3b3af99f-e954-48fd-ab57-0585e32bf716] normalize_success mco-mock-portal tracks=TRACK_B url=mock://mco-portal-example
[run=eeac6131-7530-4692-b1d7-57f7a911e40f] normalize_success fed-ssa-benefits tracks=TRACK_A url=file:///C:/Users/firer/GrantFlow/tests/crawler/fixtures/federal-ssa-benefits.html
[run=eeac6131-7530-4692-b1d7-57f7a911e40f] normalize_success state-tn-ecf-choices tracks=TRACK_A,TRACK_B url=file:///C:/Users/firer/GrantFlow/tests/crawler/fixtures/state-tn-ecf-choices.html
[run=eeac6131-7530-4692-b1d7-57f7a911e40f] normalize_success county-king-housing-assistance tracks=TRACK_A url=file:///C:/Users/firer/GrantFlow/tests/crawler/fixtures/county-king-housing-assistance.html
[run=eeac6131-7530-4692-b1d7-57f7a911e40f] normalize_success tribal-cherokee-health tracks=TRACK_A url=file:///C:/Users/firer/GrantFlow/tests/crawler/fixtures/tribal-cherokee-health.html
[run=eeac6131-7530-4692-b1d7-57f7a911e40f] normalize_success mco-mock-portal tracks=TRACK_B url=mock://mco-portal-example
[run=16862dd6-ba6d-44ea-b287-2493adbc08b9] normalize_success fed-ssa-benefits tracks=TRACK_A url=file:///C:/Users/firer/GrantFlow/tests/crawler/fixtures/federal-ssa-benefits.html
[run=1e710580-4857-4c7d-9405-8a1c037830a5] normalize_success fed-ssa-benefits tracks=TRACK_A url=file:///C:/Users/firer/GrantFlow/tests/crawler/fixtures/federal-ssa-benefits.html
[run=ad726ed3-27ff-44ee-9cf9-9702f1c308be] normalize_success fed-ssa-benefits tracks=TRACK_A url=file:///C:/Users/firer/GrantFlow/tests/crawler/fixtures/federal-ssa-benefits.html
[run=ad726ed3-27ff-44ee-9cf9-9702f1c308be] normalize_success state-tn-ecf-choices tracks=TRACK_A,TRACK_B url=file:///C:/Users/firer/GrantFlow/tests/crawler/fixtures/state-tn-ecf-choices.html
[run=ad726ed3-27ff-44ee-9cf9-9702f1c308be] normalize_success county-king-housing-assistance tracks=TRACK_A url=file:///C:/Users/firer/GrantFlow/tests/crawler/fixtures/county-king-housing-assistance.html
[run=ad726ed3-27ff-44ee-9cf9-9702f1c308be] normalize_success tribal-cherokee-health tracks=TRACK_A url=file:///C:/Users/firer/GrantFlow/tests/crawler/fixtures/tribal-cherokee-health.html
[run=ad726ed3-27ff-44ee-9cf9-9702f1c308be] normalize_success mco-mock-portal tracks=TRACK_B url=mock://mco-portal-example
[run=00c97dbe-ff0f-4e9a-aeb9-35053dc03d1c] normalize_success fed-ssa-benefits tracks=TRACK_A url=file:///C:/Users/firer/GrantFlow/tests/crawler/fixtures/federal-ssa-benefits.html
[run=00c97dbe-ff0f-4e9a-aeb9-35053dc03d1c] normalize_success state-tn-ecf-choices tracks=TRACK_A,TRACK_B url=file:///C:/Users/firer/GrantFlow/tests/crawler/fixtures/state-tn-ecf-choices.html
[run=00c97dbe-ff0f-4e9a-aeb9-35053dc03d1c] normalize_success county-king-housing-assistance tracks=TRACK_A url=file:///C:/Users/firer/GrantFlow/tests/crawler/fixtures/county-king-housing-assistance.html
[run=00c97dbe-ff0f-4e9a-aeb9-35053dc03d1c] normalize_success tribal-cherokee-health tracks=TRACK_A url=file:///C:/Users/firer/GrantFlow/tests/crawler/fixtures/tribal-cherokee-health.html
[run=00c97dbe-ff0f-4e9a-aeb9-35053dc03d1c] normalize_success mco-mock-portal tracks=TRACK_B url=mock://mco-portal-example
[run=f08c6270-a2ea-473c-b08e-4cb65335dd41] normalize_success fed-ssa-benefits tracks=TRACK_A url=file:///C:/Users/firer/GrantFlow/tests/crawler/fixtures/federal-ssa-benefits.html
[run=9d72eaa0-3f36-4e25-9faf-dbf6a8d4a88b] normalize_success fed-ssa-benefits tracks=TRACK_A url=file:///C:/Users/firer/GrantFlow/tests/crawler/fixtures/federal-ssa-benefits.html
[run=6089c9d2-83ce-4690-b126-609d33eaf2a5] normalize_success fed-ssa-benefits tracks=TRACK_A url=file:///C:/Users/firer/GrantFlow/tests/crawler/fixtures/federal-ssa-benefits.html
[run=6089c9d2-83ce-4690-b126-609d33eaf2a5] normalize_success state-tn-ecf-choices tracks=TRACK_A,TRACK_B url=file:///C:/Users/firer/GrantFlow/tests/crawler/fixtures/state-tn-ecf-choices.html
[run=6089c9d2-83ce-4690-b126-609d33eaf2a5] normalize_success county-king-housing-assistance tracks=TRACK_A url=file:///C:/Users/firer/GrantFlow/tests/crawler/fixtures/county-king-housing-assistance.html
[run=6089c9d2-83ce-4690-b126-609d33eaf2a5] normalize_success tribal-cherokee-health tracks=TRACK_A url=file:///C:/Users/firer/GrantFlow/tests/crawler/fixtures/tribal-cherokee-health.html
[run=6089c9d2-83ce-4690-b126-609d33eaf2a5] normalize_success mco-mock-portal tracks=TRACK_B url=mock://mco-portal-example
[run=632569b0-14d6-4f99-824c-a5f34ec3055e] normalize_success fed-ssa-benefits tracks=TRACK_A url=file:///C:/Users/firer/GrantFlow/tests/crawler/fixtures/federal-ssa-benefits.html
[run=632569b0-14d6-4f99-824c-a5f34ec3055e] normalize_success state-tn-ecf-choices tracks=TRACK_A,TRACK_B url=file:///C:/Users/firer/GrantFlow/tests/crawler/fixtures/state-tn-ecf-choices.html
[run=632569b0-14d6-4f99-824c-a5f34ec3055e] normalize_success county-king-housing-assistance tracks=TRACK_A url=file:///C:/Users/firer/GrantFlow/tests/crawler/fixtures/county-king-housing-assistance.html
[run=632569b0-14d6-4f99-824c-a5f34ec3055e] normalize_success tribal-cherokee-health tracks=TRACK_A url=file:///C:/Users/firer/GrantFlow/tests/crawler/fixtures/tribal-cherokee-health.html
[run=632569b0-14d6-4f99-824c-a5f34ec3055e] normalize_success mco-mock-portal tracks=TRACK_B url=mock://mco-portal-example
[run=dbf09900-c727-4efe-a7ba-8fcf097033ee] normalize_success fed-ssa-benefits tracks=TRACK_A url=file:///C:/Users/firer/GrantFlow/tests/crawler/fixtures/federal-ssa-benefits.html
[run=b3fd607c-53e5-4ea9-9052-53850d144354] normalize_success fed-ssa-benefits tracks=TRACK_A url=file:///C:/Users/firer/GrantFlow/tests/crawler/fixtures/federal-ssa-benefits.html
[run=2adfc2b2-e5d4-46a2-a85d-222c01a4639a] normalize_success fed-ssa-benefits tracks=TRACK_A url=https://www.ssa.gov/benefits/
[run=2adfc2b2-e5d4-46a2-a85d-222c01a4639a] normalize_success state-tn-ecf-choices tracks=TRACK_A,TRACK_B url=https://www.tn.gov/tenncare/long-term-services-supports/ecf-choices.html
[run=2adfc2b2-e5d4-46a2-a85d-222c01a4639a] normalize_success county-king-housing-assistance tracks=TRACK_A url=https://www.kingcounty.gov/en/dept/dchs/housing-services/housing-assistance
[run=2adfc2b2-e5d4-46a2-a85d-222c01a4639a] normalize_success tribal-cherokee-health tracks=TRACK_A url=https://www.cherokee.org/all-services/health/
[run=b75dc347-aff2-458c-8345-d3654941d106] normalize_success county-king-housing-assistance tracks=TRACK_A url=https://www.nyc.gov/site/hra/help/rental-assistance.page
[run=b75dc347-aff2-458c-8345-d3654941d106] normalize_success tribal-cherokee-health tracks=TRACK_A url=https://www.cherokee.org/all-services/housing-authority/
[run=6a386c10-da2b-4d22-8f58-5b146481d437] normalize_success smoke-safe-state-tn-tenncare tracks=TRACK_A url=https://www.tn.gov/tenncare.html
[run=6a386c10-da2b-4d22-8f58-5b146481d437] normalize_success smoke-safe-county-nyc-rental-assistance tracks=TRACK_A url=https://www.nyc.gov/site/hra/help/rental-assistance.page
[run=11216c84-cd16-4a12-a523-6223c8289ac1] normalize_success smoke-safe-fed-cms-waivers tracks=TRACK_A url=https://www.hud.gov/topics/rental_assistance
[run=11216c84-cd16-4a12-a523-6223c8289ac1] normalize_success smoke-safe-fed-cms-provider-enrollment tracks=TRACK_B url=https://www.cms.gov/medicare/provider-enrollment-and-certification
[run=11216c84-cd16-4a12-a523-6223c8289ac1] normalize_success smoke-safe-state-tn-tenncare tracks=TRACK_A url=https://www.tn.gov/tenncare.html
[run=11216c84-cd16-4a12-a523-6223c8289ac1] normalize_success smoke-safe-county-nyc-rental-assistance tracks=TRACK_A url=https://www.nyc.gov/site/hra/help/rental-assistance.page
