[run=2e8519f5-1c9e-4041-93af-1cca668090ee] failure fed-ssa-benefits url=file:///C:/Users/firer/GrantFlow/tests/crawler/fixtures/federal-ssa-benefits.html error=ENOENT: no such file or directory, open 'C:\C:\Users\firer\GrantFlow\tests\crawler\fixtures\federal-ssa-benefits.html'
[run=2e8519f5-1c9e-4041-93af-1cca668090ee] failure state-tn-ecf-choices url=file:///C:/Users/firer/GrantFlow/tests/crawler/fixtures/state-tn-ecf-choices.html error=ENOENT: no such file or directory, open 'C:\C:\Users\firer\GrantFlow\tests\crawler\fixtures\state-tn-ecf-choices.html'
[run=2e8519f5-1c9e-4041-93af-1cca668090ee] failure county-king-housing-assistance url=file:///C:/Users/firer/GrantFlow/tests/crawler/fixtures/county-king-housing-assistance.html error=ENOENT: no such file or directory, open 'C:\C:\Users\firer\GrantFlow\tests\crawler\fixtures\county-king-housing-assistance.html'
[run=2e8519f5-1c9e-4041-93af-1cca668090ee] failure tribal-cherokee-health url=file:///C:/Users/firer/GrantFlow/tests/crawler/fixtures/tribal-cherokee-health.html error=ENOENT: no such file or directory, open 'C:\C:\Users\firer\GrantFlow\tests\crawler\fixtures\tribal-cherokee-health.html'
[run=2e8519f5-1c9e-4041-93af-1cca668090ee] parse_success mco-mock-portal parser=mock.json url=mock://mco-portal-example
[run=17529091-62f8-41d1-bb6f-0b818daab79e] failure fed-ssa-benefits url=file:///C:/Users/firer/GrantFlow/tests/crawler/fixtures/federal-ssa-benefits.html error=ENOENT: no such file or directory, open 'C:\C:\Users\firer\GrantFlow\tests\crawler\fixtures\federal-ssa-benefits.html'
[run=17529091-62f8-41d1-bb6f-0b818daab79e] failure state-tn-ecf-choices url=file:///C:/Users/firer/GrantFlow/tests/crawler/fixtures/state-tn-ecf-choices.html error=ENOENT: no such file or directory, open 'C:\C:\Users\firer\GrantFlow\tests\crawler\fixtures\state-tn-ecf-choices.html'
[run=17529091-62f8-41d1-bb6f-0b818daab79e] failure county-king-housing-assistance url=file:///C:/Users/firer/GrantFlow/tests/crawler/fixtures/county-king-housing-assistance.html error=ENOENT: no such file or directory, open 'C:\C:\Users\firer\GrantFlow\tests\crawler\fixtures\county-king-housing-assistance.html'
[run=17529091-62f8-41d1-bb6f-0b818daab79e] failure tribal-cherokee-health url=file:///C:/Users/firer/GrantFlow/tests/crawler/fixtures/tribal-cherokee-health.html error=ENOENT: no such file or directory, open 'C:\C:\Users\firer\GrantFlow\tests\crawler\fixtures\tribal-cherokee-health.html'
[run=17529091-62f8-41d1-bb6f-0b818daab79e] parse_success mco-mock-portal parser=mock.json url=mock://mco-portal-example
[run=1b5b96a5-0eda-43c2-9a54-67a219e0d627] failure fed-ssa-benefits url=file:///C:/Users/firer/GrantFlow/tests/crawler/fixtures/federal-ssa-benefits.html error=ENOENT: no such file or directory, open 'C:\C:\Users\firer\GrantFlow\tests\crawler\fixtures\federal-ssa-benefits.html'
[run=f90e770f-00cc-465c-bd97-e10751e92d8b] failure fed-ssa-benefits url=file:///C:/Users/firer/GrantFlow/tests/crawler/fixtures/federal-ssa-benefits.html error=ENOENT: no such file or directory, open 'C:\C:\Users\firer\GrantFlow\tests\crawler\fixtures\federal-ssa-benefits.html'
[run=307a33e3-aa8d-4780-a855-ab947e449415] failure fed-ssa-benefits url=file:///C:/Users/firer/GrantFlow/tests/crawler/fixtures/federal-ssa-benefits.html error=ENOENT: no such file or directory, open 'C:\C:\Users\firer\GrantFlow\tests\crawler\fixtures\federal-ssa-benefits.html'
[run=307a33e3-aa8d-4780-a855-ab947e449415] failure state-tn-ecf-choices url=file:///C:/Users/firer/GrantFlow/tests/crawler/fixtures/state-tn-ecf-choices.html error=ENOENT: no such file or directory, open 'C:\C:\Users\firer\GrantFlow\tests\crawler\fixtures\state-tn-ecf-choices.html'
[run=307a33e3-aa8d-4780-a855-ab947e449415] failure county-king-housing-assistance url=file:///C:/Users/firer/GrantFlow/tests/crawler/fixtures/county-king-housing-assistance.html error=ENOENT: no such file or directory, open 'C:\C:\Users\firer\GrantFlow\tests\crawler\fixtures\county-king-housing-assistance.html'
[run=307a33e3-aa8d-4780-a855-ab947e449415] failure tribal-cherokee-health url=file:///C:/Users/firer/GrantFlow/tests/crawler/fixtures/tribal-cherokee-health.html error=ENOENT: no such file or directory, open 'C:\C:\Users\firer\GrantFlow\tests\crawler\fixtures\tribal-cherokee-health.html'
[run=307a33e3-aa8d-4780-a855-ab947e449415] parse_success mco-mock-portal parser=mock.json url=mock://mco-portal-example
[run=4e1a8226-69a5-4269-a41f-2ca46e7a8918] failure fed-ssa-benefits url=file:///C:/Users/firer/GrantFlow/tests/crawler/fixtures/federal-ssa-benefits.html error=ENOENT: no such file or directory, open 'C:\C:\Users\firer\GrantFlow\tests\crawler\fixtures\federal-ssa-benefits.html'
[run=4e1a8226-69a5-4269-a41f-2ca46e7a8918] failure state-tn-ecf-choices url=file:///C:/Users/firer/GrantFlow/tests/crawler/fixtures/state-tn-ecf-choices.html error=ENOENT: no such file or directory, open 'C:\C:\Users\firer\GrantFlow\tests\crawler\fixtures\state-tn-ecf-choices.html'
[run=4e1a8226-69a5-4269-a41f-2ca46e7a8918] failure county-king-housing-assistance url=file:///C:/Users/firer/GrantFlow/tests/crawler/fixtures/county-king-housing-assistance.html error=ENOENT: no such file or directory, open 'C:\C:\Users\firer\GrantFlow\tests\crawler\fixtures\county-king-housing-assistance.html'
[run=4e1a8226-69a5-4269-a41f-2ca46e7a8918] failure tribal-cherokee-health url=file:///C:/Users/firer/GrantFlow/tests/crawler/fixtures/tribal-cherokee-health.html error=ENOENT: no such file or directory, open 'C:\C:\Users\firer\GrantFlow\tests\crawler\fixtures\tribal-cherokee-health.html'
[run=4e1a8226-69a5-4269-a41f-2ca46e7a8918] parse_success mco-mock-portal parser=mock.json url=mock://mco-portal-example
[run=ca043b1e-28c6-49ea-8e1e-a4edf990716b] failure fed-ssa-benefits url=file:///C:/Users/firer/GrantFlow/tests/crawler/fixtures/federal-ssa-benefits.html error=ENOENT: no such file or directory, open 'C:\C:\Users\firer\GrantFlow\tests\crawler\fixtures\federal-ssa-benefits.html'
[run=ca043b1e-28c6-49ea-8e1e-a4edf990716b] failure state-tn-ecf-choices url=file:///C:/Users/firer/GrantFlow/tests/crawler/fixtures/state-tn-ecf-choices.html error=ENOENT: no such file or directory, open 'C:\C:\Users\firer\GrantFlow\tests\crawler\fixtures\state-tn-ecf-choices.html'
[run=ca043b1e-28c6-49ea-8e1e-a4edf990716b] failure county-king-housing-assistance url=file:///C:/Users/firer/GrantFlow/tests/crawler/fixtures/county-king-housing-assistance.html error=ENOENT: no such file or directory, open 'C:\C:\Users\firer\GrantFlow\tests\crawler\fixtures\county-king-housing-assistance.html'
[run=ca043b1e-28c6-49ea-8e1e-a4edf990716b] failure tribal-cherokee-health url=file:///C:/Users/firer/GrantFlow/tests/crawler/fixtures/tribal-cherokee-health.html error=ENOENT: no such file or directory, open 'C:\C:\Users\firer\GrantFlow\tests\crawler\fixtures\tribal-cherokee-health.html'
[run=ca043b1e-28c6-49ea-8e1e-a4edf990716b] parse_success mco-mock-portal parser=mock.json url=mock://mco-portal-example
[run=1342d91a-b9fe-46a6-8f05-f6665b8effdd] failure fed-ssa-benefits url=file:///C:/Users/firer/GrantFlow/tests/crawler/fixtures/federal-ssa-benefits.html error=ENOENT: no such file or directory, open 'C:\C:\Users\firer\GrantFlow\tests\crawler\fixtures\federal-ssa-benefits.html'
[run=c3afcd79-3875-48d3-98a7-956ef9a90db0] failure fed-ssa-benefits url=file:///C:/Users/firer/GrantFlow/tests/crawler/fixtures/federal-ssa-benefits.html error=ENOENT: no such file or directory, open 'C:\C:\Users\firer\GrantFlow\tests\crawler\fixtures\federal-ssa-benefits.html'
[run=7ff4728e-3eba-4c32-a286-3b73e0778e35] failure fed-ssa-benefits url=file:///C:/Users/firer/GrantFlow/tests/crawler/fixtures/federal-ssa-benefits.html error=ENOENT: no such file or directory, open 'C:\C:\Users\firer\GrantFlow\tests\crawler\fixtures\federal-ssa-benefits.html'
[run=7ff4728e-3eba-4c32-a286-3b73e0778e35] failure state-tn-ecf-choices url=file:///C:/Users/firer/GrantFlow/tests/crawler/fixtures/state-tn-ecf-choices.html error=ENOENT: no such file or directory, open 'C:\C:\Users\firer\GrantFlow\tests\crawler\fixtures\state-tn-ecf-choices.html'
[run=7ff4728e-3eba-4c32-a286-3b73e0778e35] failure county-king-housing-assistance url=file:///C:/Users/firer/GrantFlow/tests/crawler/fixtures/county-king-housing-assistance.html error=ENOENT: no such file or directory, open 'C:\C:\Users\firer\GrantFlow\tests\crawler\fixtures\county-king-housing-assistance.html'
[run=7ff4728e-3eba-4c32-a286-3b73e0778e35] failure tribal-cherokee-health url=file:///C:/Users/firer/GrantFlow/tests/crawler/fixtures/tribal-cherokee-health.html error=ENOENT: no such file or directory, open 'C:\C:\Users\firer\GrantFlow\tests\crawler\fixtures\tribal-cherokee-health.html'
[run=7ff4728e-3eba-4c32-a286-3b73e0778e35] parse_success mco-mock-portal parser=mock.json url=mock://mco-portal-example
[run=3d046bc1-6874-40ab-b70a-1e1e04fd3c61] failure fed-ssa-benefits url=file:///C:/Users/firer/GrantFlow/tests/crawler/fixtures/federal-ssa-benefits.html error=ENOENT: no such file or directory, open 'C:\C:\Users\firer\GrantFlow\tests\crawler\fixtures\federal-ssa-benefits.html'
[run=3d046bc1-6874-40ab-b70a-1e1e04fd3c61] failure state-tn-ecf-choices url=file:///C:/Users/firer/GrantFlow/tests/crawler/fixtures/state-tn-ecf-choices.html error=ENOENT: no such file or directory, open 'C:\C:\Users\firer\GrantFlow\tests\crawler\fixtures\state-tn-ecf-choices.html'
[run=3d046bc1-6874-40ab-b70a-1e1e04fd3c61] failure county-king-housing-assistance url=file:///C:/Users/firer/GrantFlow/tests/crawler/fixtures/county-king-housing-assistance.html error=ENOENT: no such file or directory, open 'C:\C:\Users\firer\GrantFlow\tests\crawler\fixtures\county-king-housing-assistance.html'
[run=3d046bc1-6874-40ab-b70a-1e1e04fd3c61] failure tribal-cherokee-health url=file:///C:/Users/firer/GrantFlow/tests/crawler/fixtures/tribal-cherokee-health.html error=ENOENT: no such file or directory, open 'C:\C:\Users\firer\GrantFlow\tests\crawler\fixtures\tribal-cherokee-health.html'
[run=3d046bc1-6874-40ab-b70a-1e1e04fd3c61] parse_success mco-mock-portal parser=mock.json url=mock://mco-portal-example
[run=28a26e01-af79-4d43-9f3c-17530702455c] failure fed-ssa-benefits url=file:///C:/Users/firer/GrantFlow/tests/crawler/fixtures/federal-ssa-benefits.html error=ENOENT: no such file or directory, open 'C:\C:\Users\firer\GrantFlow\tests\crawler\fixtures\federal-ssa-benefits.html'
[run=4f145615-fe92-42b3-97de-98fc9abb9901] failure fed-ssa-benefits url=file:///C:/Users/firer/GrantFlow/tests/crawler/fixtures/federal-ssa-benefits.html error=ENOENT: no such file or directory, open 'C:\C:\Users\firer\GrantFlow\tests\crawler\fixtures\federal-ssa-benefits.html'
[run=f53c2ac7-66dc-4277-b786-f18e0bff8b7c] failure fed-ssa-benefits url=file:///C:/Users/firer/GrantFlow/tests/crawler/fixtures/federal-ssa-benefits.html error=ENOENT: no such file or directory, open 'C:\C:\Users\firer\GrantFlow\tests\crawler\fixtures\federal-ssa-benefits.html'
[run=f53c2ac7-66dc-4277-b786-f18e0bff8b7c] failure state-tn-ecf-choices url=file:///C:/Users/firer/GrantFlow/tests/crawler/fixtures/state-tn-ecf-choices.html error=ENOENT: no such file or directory, open 'C:\C:\Users\firer\GrantFlow\tests\crawler\fixtures\state-tn-ecf-choices.html'
[run=f53c2ac7-66dc-4277-b786-f18e0bff8b7c] failure county-king-housing-assistance url=file:///C:/Users/firer/GrantFlow/tests/crawler/fixtures/county-king-housing-assistance.html error=ENOENT: no such file or directory, open 'C:\C:\Users\firer\GrantFlow\tests\crawler\fixtures\county-king-housing-assistance.html'
[run=f53c2ac7-66dc-4277-b786-f18e0bff8b7c] failure tribal-cherokee-health url=file:///C:/Users/firer/GrantFlow/tests/crawler/fixtures/tribal-cherokee-health.html error=ENOENT: no such file or directory, open 'C:\C:\Users\firer\GrantFlow\tests\crawler\fixtures\tribal-cherokee-health.html'
[run=f53c2ac7-66dc-4277-b786-f18e0bff8b7c] parse_success mco-mock-portal parser=mock.json url=mock://mco-portal-example
[run=947efee0-4f57-47ef-9341-23a5a8278e58] failure fed-ssa-benefits url=file:///C:/Users/firer/GrantFlow/tests/crawler/fixtures/federal-ssa-benefits.html error=ENOENT: no such file or directory, open 'C:\C:\Users\firer\GrantFlow\tests\crawler\fixtures\federal-ssa-benefits.html'
[run=947efee0-4f57-47ef-9341-23a5a8278e58] failure state-tn-ecf-choices url=file:///C:/Users/firer/GrantFlow/tests/crawler/fixtures/state-tn-ecf-choices.html error=ENOENT: no such file or directory, open 'C:\C:\Users\firer\GrantFlow\tests\crawler\fixtures\state-tn-ecf-choices.html'
[run=947efee0-4f57-47ef-9341-23a5a8278e58] failure county-king-housing-assistance url=file:///C:/Users/firer/GrantFlow/tests/crawler/fixtures/county-king-housing-assistance.html error=ENOENT: no such file or directory, open 'C:\C:\Users\firer\GrantFlow\tests\crawler\fixtures\county-king-housing-assistance.html'
[run=947efee0-4f57-47ef-9341-23a5a8278e58] failure tribal-cherokee-health url=file:///C:/Users/firer/GrantFlow/tests/crawler/fixtures/tribal-cherokee-health.html error=ENOENT: no such file or directory, open 'C:\C:\Users\firer\GrantFlow\tests\crawler\fixtures\tribal-cherokee-health.html'
[run=947efee0-4f57-47ef-9341-23a5a8278e58] parse_success mco-mock-portal parser=mock.json url=mock://mco-portal-example
[run=f059106d-b60e-4faf-8dfb-c98761acd81e] failure fed-ssa-benefits url=file:///C:/Users/firer/GrantFlow/tests/crawler/fixtures/federal-ssa-benefits.html error=ENOENT: no such file or directory, open 'C:\C:\Users\firer\GrantFlow\tests\crawler\fixtures\federal-ssa-benefits.html'
[run=a1ad5d8e-362f-4c1b-9def-eb9ad7200815] failure fed-ssa-benefits url=file:///C:/Users/firer/GrantFlow/tests/crawler/fixtures/federal-ssa-benefits.html error=ENOENT: no such file or directory, open 'C:\C:\Users\firer\GrantFlow\tests\crawler\fixtures\federal-ssa-benefits.html'
[run=e0a40a56-ae1e-4c61-be44-7ec158533f71] failure fed-ssa-benefits url=file:///C:/Users/firer/GrantFlow/tests/crawler/fixtures/federal-ssa-benefits.html error=ENOENT: no such file or directory, open 'C:\C:\Users\firer\GrantFlow\tests\crawler\fixtures\federal-ssa-benefits.html'
[run=e0a40a56-ae1e-4c61-be44-7ec158533f71] failure state-tn-ecf-choices url=file:///C:/Users/firer/GrantFlow/tests/crawler/fixtures/state-tn-ecf-choices.html error=ENOENT: no such file or directory, open 'C:\C:\Users\firer\GrantFlow\tests\crawler\fixtures\state-tn-ecf-choices.html'
[run=e0a40a56-ae1e-4c61-be44-7ec158533f71] failure county-king-housing-assistance url=file:///C:/Users/firer/GrantFlow/tests/crawler/fixtures/county-king-housing-assistance.html error=ENOENT: no such file or directory, open 'C:\C:\Users\firer\GrantFlow\tests\crawler\fixtures\county-king-housing-assistance.html'
[run=e0a40a56-ae1e-4c61-be44-7ec158533f71] failure tribal-cherokee-health url=file:///C:/Users/firer/GrantFlow/tests/crawler/fixtures/tribal-cherokee-health.html error=ENOENT: no such file or directory, open 'C:\C:\Users\firer\GrantFlow\tests\crawler\fixtures\tribal-cherokee-health.html'
[run=e0a40a56-ae1e-4c61-be44-7ec158533f71] parse_success mco-mock-portal parser=mock.json url=mock://mco-portal-example
[run=c7aa14e9-271d-41cc-9f34-85b2450d7285] failure fed-ssa-benefits url=file:///C:/Users/firer/GrantFlow/tests/crawler/fixtures/federal-ssa-benefits.html error=ENOENT: no such file or directory, open 'C:\C:\Users\firer\GrantFlow\tests\crawler\fixtures\federal-ssa-benefits.html'
[run=c7aa14e9-271d-41cc-9f34-85b2450d7285] failure state-tn-ecf-choices url=file:///C:/Users/firer/GrantFlow/tests/crawler/fixtures/state-tn-ecf-choices.html error=ENOENT: no such file or directory, open 'C:\C:\Users\firer\GrantFlow\tests\crawler\fixtures\state-tn-ecf-choices.html'
[run=c7aa14e9-271d-41cc-9f34-85b2450d7285] failure county-king-housing-assistance url=file:///C:/Users/firer/GrantFlow/tests/crawler/fixtures/county-king-housing-assistance.html error=ENOENT: no such file or directory, open 'C:\C:\Users\firer\GrantFlow\tests\crawler\fixtures\county-king-housing-assistance.html'
[run=c7aa14e9-271d-41cc-9f34-85b2450d7285] failure tribal-cherokee-health url=file:///C:/Users/firer/GrantFlow/tests/crawler/fixtures/tribal-cherokee-health.html error=ENOENT: no such file or directory, open 'C:\C:\Users\firer\GrantFlow\tests\crawler\fixtures\tribal-cherokee-health.html'
[run=c7aa14e9-271d-41cc-9f34-85b2450d7285] parse_success mco-mock-portal parser=mock.json url=mock://mco-portal-example
[run=e4d8cdbf-395c-4d5e-813e-af2fcc20c754] failure fed-ssa-benefits url=file:///C:/Users/firer/GrantFlow/tests/crawler/fixtures/federal-ssa-benefits.html error=ENOENT: no such file or directory, open 'C:\C:\Users\firer\GrantFlow\tests\crawler\fixtures\federal-ssa-benefits.html'
[run=3b3af99f-e954-48fd-ab57-0585e32bf716] parse_success fed-ssa-benefits parser=cheerio url=file:///C:/Users/firer/GrantFlow/tests/crawler/fixtures/federal-ssa-benefits.html
[run=3b3af99f-e954-48fd-ab57-0585e32bf716] parse_success state-tn-ecf-choices parser=cheerio url=file:///C:/Users/firer/GrantFlow/tests/crawler/fixtures/state-tn-ecf-choices.html
[run=3b3af99f-e954-48fd-ab57-0585e32bf716] parse_success county-king-housing-assistance parser=cheerio url=file:///C:/Users/firer/GrantFlow/tests/crawler/fixtures/county-king-housing-assistance.html
[run=3b3af99f-e954-48fd-ab57-0585e32bf716] parse_success tribal-cherokee-health parser=cheerio url=file:///C:/Users/firer/GrantFlow/tests/crawler/fixtures/tribal-cherokee-health.html
[run=3b3af99f-e954-48fd-ab57-0585e32bf716] parse_success mco-mock-portal parser=mock.json url=mock://mco-portal-example
[run=eeac6131-7530-4692-b1d7-57f7a911e40f] parse_success fed-ssa-benefits parser=cheerio url=file:///C:/Users/firer/GrantFlow/tests/crawler/fixtures/federal-ssa-benefits.html
[run=eeac6131-7530-4692-b1d7-57f7a911e40f] parse_success state-tn-ecf-choices parser=cheerio url=file:///C:/Users/firer/GrantFlow/tests/crawler/fixtures/state-tn-ecf-choices.html
[run=eeac6131-7530-4692-b1d7-57f7a911e40f] parse_success county-king-housing-assistance parser=cheerio url=file:///C:/Users/firer/GrantFlow/tests/crawler/fixtures/county-king-housing-assistance.html
[run=eeac6131-7530-4692-b1d7-57f7a911e40f] parse_success tribal-cherokee-health parser=cheerio url=file:///C:/Users/firer/GrantFlow/tests/crawler/fixtures/tribal-cherokee-health.html
[run=eeac6131-7530-4692-b1d7-57f7a911e40f] parse_success mco-mock-portal parser=mock.json url=mock://mco-portal-example
[run=16862dd6-ba6d-44ea-b287-2493adbc08b9] parse_success fed-ssa-benefits parser=cheerio url=file:///C:/Users/firer/GrantFlow/tests/crawler/fixtures/federal-ssa-benefits.html
[run=1e710580-4857-4c7d-9405-8a1c037830a5] parse_success fed-ssa-benefits parser=cheerio url=file:///C:/Users/firer/GrantFlow/tests/crawler/fixtures/federal-ssa-benefits.html
[run=ad726ed3-27ff-44ee-9cf9-9702f1c308be] parse_success fed-ssa-benefits parser=cheerio url=file:///C:/Users/firer/GrantFlow/tests/crawler/fixtures/federal-ssa-benefits.html
[run=ad726ed3-27ff-44ee-9cf9-9702f1c308be] parse_success state-tn-ecf-choices parser=cheerio url=file:///C:/Users/firer/GrantFlow/tests/crawler/fixtures/state-tn-ecf-choices.html
[run=ad726ed3-27ff-44ee-9cf9-9702f1c308be] parse_success county-king-housing-assistance parser=cheerio url=file:///C:/Users/firer/GrantFlow/tests/crawler/fixtures/county-king-housing-assistance.html
[run=ad726ed3-27ff-44ee-9cf9-9702f1c308be] parse_success tribal-cherokee-health parser=cheerio url=file:///C:/Users/firer/GrantFlow/tests/crawler/fixtures/tribal-cherokee-health.html
[run=ad726ed3-27ff-44ee-9cf9-9702f1c308be] parse_success mco-mock-portal parser=mock.json url=mock://mco-portal-example
[run=00c97dbe-ff0f-4e9a-aeb9-35053dc03d1c] parse_success fed-ssa-benefits parser=cheerio url=file:///C:/Users/firer/GrantFlow/tests/crawler/fixtures/federal-ssa-benefits.html
[run=00c97dbe-ff0f-4e9a-aeb9-35053dc03d1c] parse_success state-tn-ecf-choices parser=cheerio url=file:///C:/Users/firer/GrantFlow/tests/crawler/fixtures/state-tn-ecf-choices.html
[run=00c97dbe-ff0f-4e9a-aeb9-35053dc03d1c] parse_success county-king-housing-assistance parser=cheerio url=file:///C:/Users/firer/GrantFlow/tests/crawler/fixtures/county-king-housing-assistance.html
[run=00c97dbe-ff0f-4e9a-aeb9-35053dc03d1c] parse_success tribal-cherokee-health parser=cheerio url=file:///C:/Users/firer/GrantFlow/tests/crawler/fixtures/tribal-cherokee-health.html
[run=00c97dbe-ff0f-4e9a-aeb9-35053dc03d1c] parse_success mco-mock-portal parser=mock.json url=mock://mco-portal-example
[run=f08c6270-a2ea-473c-b08e-4cb65335dd41] parse_success fed-ssa-benefits parser=cheerio url=file:///C:/Users/firer/GrantFlow/tests/crawler/fixtures/federal-ssa-benefits.html
[run=9d72eaa0-3f36-4e25-9faf-dbf6a8d4a88b] parse_success fed-ssa-benefits parser=cheerio url=file:///C:/Users/firer/GrantFlow/tests/crawler/fixtures/federal-ssa-benefits.html
[run=6089c9d2-83ce-4690-b126-609d33eaf2a5] parse_success fed-ssa-benefits parser=cheerio url=file:///C:/Users/firer/GrantFlow/tests/crawler/fixtures/federal-ssa-benefits.html
[run=6089c9d2-83ce-4690-b126-609d33eaf2a5] parse_success state-tn-ecf-choices parser=cheerio url=file:///C:/Users/firer/GrantFlow/tests/crawler/fixtures/state-tn-ecf-choices.html
[run=6089c9d2-83ce-4690-b126-609d33eaf2a5] parse_success county-king-housing-assistance parser=cheerio url=file:///C:/Users/firer/GrantFlow/tests/crawler/fixtures/county-king-housing-assistance.html
[run=6089c9d2-83ce-4690-b126-609d33eaf2a5] parse_success tribal-cherokee-health parser=cheerio url=file:///C:/Users/firer/GrantFlow/tests/crawler/fixtures/tribal-cherokee-health.html
[run=6089c9d2-83ce-4690-b126-609d33eaf2a5] parse_success mco-mock-portal parser=mock.json url=mock://mco-portal-example
[run=632569b0-14d6-4f99-824c-a5f34ec3055e] parse_success fed-ssa-benefits parser=cheerio url=file:///C:/Users/firer/GrantFlow/tests/crawler/fixtures/federal-ssa-benefits.html
[run=632569b0-14d6-4f99-824c-a5f34ec3055e] parse_success state-tn-ecf-choices parser=cheerio url=file:///C:/Users/firer/GrantFlow/tests/crawler/fixtures/state-tn-ecf-choices.html
[run=632569b0-14d6-4f99-824c-a5f34ec3055e] parse_success county-king-housing-assistance parser=cheerio url=file:///C:/Users/firer/GrantFlow/tests/crawler/fixtures/county-king-housing-assistance.html
[run=632569b0-14d6-4f99-824c-a5f34ec3055e] parse_success tribal-cherokee-health parser=cheerio url=file:///C:/Users/firer/GrantFlow/tests/crawler/fixtures/tribal-cherokee-health.html
[run=632569b0-14d6-4f99-824c-a5f34ec3055e] parse_success mco-mock-portal parser=mock.json url=mock://mco-portal-example
[run=dbf09900-c727-4efe-a7ba-8fcf097033ee] parse_success fed-ssa-benefits parser=cheerio url=file:///C:/Users/firer/GrantFlow/tests/crawler/fixtures/federal-ssa-benefits.html
[run=b3fd607c-53e5-4ea9-9052-53850d144354] parse_success fed-ssa-benefits parser=cheerio url=file:///C:/Users/firer/GrantFlow/tests/crawler/fixtures/federal-ssa-benefits.html
[run=2adfc2b2-e5d4-46a2-a85d-222c01a4639a] parse_success fed-ssa-benefits parser=cheerio url=https://www.ssa.gov/benefits/
[run=2adfc2b2-e5d4-46a2-a85d-222c01a4639a] parse_success state-tn-ecf-choices parser=cheerio url=https://www.tn.gov/tenncare/long-term-services-supports/ecf-choices.html
[run=2adfc2b2-e5d4-46a2-a85d-222c01a4639a] parse_success county-king-housing-assistance parser=cheerio url=https://www.kingcounty.gov/en/dept/dchs/housing-services/housing-assistance
[run=2adfc2b2-e5d4-46a2-a85d-222c01a4639a] parse_success tribal-cherokee-health parser=cheerio url=https://www.cherokee.org/all-services/health/
[run=b75dc347-aff2-458c-8345-d3654941d106] failure fed-ssa-benefits url=https://www.ssa.gov/benefits/ error=HTTP 403
[run=b75dc347-aff2-458c-8345-d3654941d106] failure state-tn-ecf-choices url=https://www.tn.gov/tenncare/long-term-services-supports/ecf-choices.html error=HTTP 404
[run=b75dc347-aff2-458c-8345-d3654941d106] parse_success county-king-housing-assistance parser=cheerio url=https://www.nyc.gov/site/hra/help/rental-assistance.page
[run=b75dc347-aff2-458c-8345-d3654941d106] parse_success tribal-cherokee-health parser=cheerio url=https://www.cherokee.org/all-services/housing-authority/
[run=6a386c10-da2b-4d22-8f58-5b146481d437] failure smoke-safe-fed-cms-waivers url=https://www.medicaid.gov/medicaid/waivers/index.html error=HTTP 404
[run=6a386c10-da2b-4d22-8f58-5b146481d437] failure smoke-safe-fed-cms-provider-enrollment url=https://www.medicaid.gov/medicaid/provider-enrollment/index.html error=HTTP 404
[run=6a386c10-da2b-4d22-8f58-5b146481d437] parse_success smoke-safe-state-tn-tenncare parser=cheerio url=https://www.tn.gov/tenncare.html
[run=6a386c10-da2b-4d22-8f58-5b146481d437] parse_success smoke-safe-county-nyc-rental-assistance parser=cheerio url=https://www.nyc.gov/site/hra/help/rental-assistance.page
[run=11216c84-cd16-4a12-a523-6223c8289ac1] parse_success smoke-safe-fed-cms-waivers parser=cheerio url=https://www.hud.gov/topics/rental_assistance
[run=11216c84-cd16-4a12-a523-6223c8289ac1] parse_success smoke-safe-fed-cms-provider-enrollment parser=cheerio url=https://www.cms.gov/medicare/provider-enrollment-and-certification
[run=11216c84-cd16-4a12-a523-6223c8289ac1] parse_success smoke-safe-state-tn-tenncare parser=cheerio url=https://www.tn.gov/tenncare.html
[run=11216c84-cd16-4a12-a523-6223c8289ac1] parse_success smoke-safe-county-nyc-rental-assistance parser=cheerio url=https://www.nyc.gov/site/hra/help/rental-assistance.page
